Using pre-set license
Built from '2021.3/staging' branch; Version is '2021.3.5f1 (40eb3a945986) revision 4254522'; Using compiler version '192829333'; Build Type 'Release'
OS: 'Windows 10  (10.0.19045) 64bit Core' Language: 'ru' Physical Memory: 8106 MB
BatchMode: 1, IsHumanControllingUs: 0, StartBugReporterOnCrash: 0, Is64bit: 1, IsPro: 1

COMMAND LINE ARGUMENTS:
C:\Program Files\Unity\Hub\Editor\2021.3.5f1\Editor\Unity.exe
-adb2
-batchMode
-noUpm
-name
AssetImportWorker0
-projectPath
C:/Users/user/Documents/GitHub/3d-platformer
-logFile
Logs/AssetImportWorker0.log
-srvPort
54331
Successfully changed project path to: C:/Users/user/Documents/GitHub/3d-platformer
C:/Users/user/Documents/GitHub/3d-platformer
[UnityMemory] Configuration Parameters - Can be set up in boot.config
    "memorysetup-bucket-allocator-granularity=16"
    "memorysetup-bucket-allocator-bucket-count=8"
    "memorysetup-bucket-allocator-block-size=33554432"
    "memorysetup-bucket-allocator-block-count=8"
    "memorysetup-main-allocator-block-size=16777216"
    "memorysetup-thread-allocator-block-size=16777216"
    "memorysetup-gfx-main-allocator-block-size=16777216"
    "memorysetup-gfx-thread-allocator-block-size=16777216"
    "memorysetup-cache-allocator-block-size=4194304"
    "memorysetup-typetree-allocator-block-size=2097152"
    "memorysetup-profiler-bucket-allocator-granularity=16"
    "memorysetup-profiler-bucket-allocator-bucket-count=8"
    "memorysetup-profiler-bucket-allocator-block-size=33554432"
    "memorysetup-profiler-bucket-allocator-block-count=8"
    "memorysetup-profiler-allocator-block-size=16777216"
    "memorysetup-profiler-editor-allocator-block-size=1048576"
    "memorysetup-temp-allocator-size-main=16777216"
    "memorysetup-job-temp-allocator-block-size=2097152"
    "memorysetup-job-temp-allocator-block-size-background=1048576"
    "memorysetup-job-temp-allocator-reduction-small-platforms=262144"
    "memorysetup-temp-allocator-size-background-worker=32768"
    "memorysetup-temp-allocator-size-job-worker=262144"
    "memorysetup-temp-allocator-size-preload-manager=33554432"
    "memorysetup-temp-allocator-size-nav-mesh-worker=65536"
    "memorysetup-temp-allocator-size-audio-worker=65536"
    "memorysetup-temp-allocator-size-cloud-worker=32768"
    "memorysetup-temp-allocator-size-gi-baking-worker=262144"
    "memorysetup-temp-allocator-size-gfx=262144"
Refreshing native plugins compatible for Editor in 182.59 ms, found 3 plugins.
Preloading 0 native plugins for Editor in 0.00 ms.
Initialize engine version: 2021.3.5f1 (40eb3a945986)
[Subsystems] Discovering subsystems at path C:/Program Files/Unity/Hub/Editor/2021.3.5f1/Editor/Data/Resources/UnitySubsystems
[Subsystems] Discovering subsystems at path C:/Users/user/Documents/GitHub/3d-platformer/Assets
GfxDevice: creating device client; threaded=0; jobified=0
Direct3D:
    Version:  Direct3D 11.0 [level 11.0]
    Renderer: NVIDIA GeForce 940M (ID=0x1347)
    Vendor:   NVIDIA
    VRAM:     2004 MB
    Driver:   25.21.14.2531
Initialize mono
Mono path[0] = 'C:/Program Files/Unity/Hub/Editor/2021.3.5f1/Editor/Data/Managed'
Mono path[1] = 'C:/Program Files/Unity/Hub/Editor/2021.3.5f1/Editor/Data/MonoBleedingEdge/lib/mono/unityjit-win32'
Mono config path = 'C:/Program Files/Unity/Hub/Editor/2021.3.5f1/Editor/Data/MonoBleedingEdge/etc'
Using monoOptions --debugger-agent=transport=dt_socket,embedding=1,server=y,suspend=n,address=127.0.0.1:56464
Begin MonoManager ReloadAssembly
Registering precompiled unity dll's ...
Register platform support module: C:/Program Files/Unity/Hub/Editor/2021.3.5f1/Editor/Data/PlaybackEngines/WindowsStandaloneSupport/UnityEditor.WindowsStandalone.Extensions.dll
Registered in 0.009615 seconds.
Native extension for WindowsStandalone target not found
Refreshing native plugins compatible for Editor in 209.28 ms, found 3 plugins.
Preloading 0 native plugins for Editor in 0.00 ms.
Mono: successfully reloaded assembly
- Completed reload, in  1.395 seconds
Domain Reload Profiling:
	ReloadAssembly (1396ms)
		BeginReloadAssembly (144ms)
			ExecutionOrderSort (0ms)
			DisableScriptedObjects (0ms)
			BackupInstance (0ms)
			ReleaseScriptingObjects (0ms)
			CreateAndSetChildDomain (1ms)
		EndReloadAssembly (1019ms)
			LoadAssemblies (142ms)
			RebuildTransferFunctionScriptingTraits (0ms)
			SetupTypeCache (237ms)
			ReleaseScriptCaches (0ms)
			RebuildScriptCaches (60ms)
			SetupLoadedEditorAssemblies (611ms)
				LogAssemblyErrors (0ms)
				InitializePlatformSupportModulesInManaged (16ms)
				SetLoadedEditorAssemblies (0ms)
				RefreshPlugins (209ms)
				BeforeProcessingInitializeOnLoad (2ms)
				ProcessInitializeOnLoadAttributes (280ms)
				ProcessInitializeOnLoadMethodAttributes (103ms)
				AfterProcessingInitializeOnLoad (0ms)
				EditorAssembliesLoaded (0ms)
			ExecutionOrderSort2 (0ms)
			AwakeInstancesAfterBackupRestoration (0ms)
Platform modules already initialized, skipping
Registering precompiled user dll's ...
Registered in 0.007178 seconds.
Begin MonoManager ReloadAssembly
Symbol file LoadedFromMemory doesn't match image C:\Users\user\Documents\GitHub\3d-platformer\Library\PackageCache\com.unity.visualscripting@1.7.8\Editor\VisualScripting.Core\Dependencies\YamlDotNet\Unity.VisualScripting.YamlDotNet.dll
Symbol file LoadedFromMemory doesn't match image C:\Users\user\Documents\GitHub\3d-platformer\Library\PackageCache\com.unity.visualscripting@1.7.8\Editor\VisualScripting.Core\Dependencies\DotNetZip\Unity.VisualScripting.IonicZip.dll
Native extension for WindowsStandalone target not found
Refreshing native plugins compatible for Editor in 1.99 ms, found 3 plugins.
Preloading 0 native plugins for Editor in 0.00 ms.
Mono: successfully reloaded assembly
- Completed reload, in  2.302 seconds
Domain Reload Profiling:
	ReloadAssembly (2303ms)
		BeginReloadAssembly (236ms)
			ExecutionOrderSort (0ms)
			DisableScriptedObjects (12ms)
			BackupInstance (0ms)
			ReleaseScriptingObjects (0ms)
			CreateAndSetChildDomain (47ms)
		EndReloadAssembly (1821ms)
			LoadAssemblies (184ms)
			RebuildTransferFunctionScriptingTraits (0ms)
			SetupTypeCache (626ms)
			ReleaseScriptCaches (1ms)
			RebuildScriptCaches (107ms)
			SetupLoadedEditorAssemblies (810ms)
				LogAssemblyErrors (0ms)
				InitializePlatformSupportModulesInManaged (10ms)
				SetLoadedEditorAssemblies (1ms)
				RefreshPlugins (2ms)
				BeforeProcessingInitializeOnLoad (179ms)
				ProcessInitializeOnLoadAttributes (533ms)
				ProcessInitializeOnLoadMethodAttributes (76ms)
				AfterProcessingInitializeOnLoad (8ms)
				EditorAssembliesLoaded (0ms)
			ExecutionOrderSort2 (0ms)
			AwakeInstancesAfterBackupRestoration (13ms)
Platform modules already initialized, skipping
========================================================================
Worker process is ready to serve import requests
Launched and connected shader compiler UnityShaderCompiler.exe after 0.11 seconds
Refreshing native plugins compatible for Editor in 1.80 ms, found 3 plugins.
Preloading 0 native plugins for Editor in 0.00 ms.
Unloading 3413 Unused Serialized files (Serialized files now loaded: 0)
Unloading 27 unused Assets / (111.2 KB). Loaded Objects now: 3877.
Memory consumption went from 124.8 MB to 124.7 MB.
Total: 6.531100 ms (FindLiveObjects: 0.594900 ms CreateObjectMapping: 0.340000 ms MarkObjects: 5.387100 ms  DeleteObjects: 0.207000 ms)

AssetImportParameters requested are different than current active one (requested -> active):
  custom:video-decoder-ogg-theora: a1e56fd34408186e4bbccfd4996cb3dc -> 
  custom:container-muxer-webm: aa71ff27fc2769a1b78a27578f13a17b -> 
  custom:container-demuxer-webm: 4f35f7cbe854078d1ac9338744f61a02 -> 
  custom:video-encoder-webm-vp8: eb34c28f22e8b96e1ab97ce403110664 -> 
  custom:audio-encoder-webm-vorbis: bf7c407c2cedff20999df2af8eb42d56 -> 
  custom:framework-win-MediaFoundation: 216162199b28c13a410421893ffa2e32 -> 
  custom:container-demuxer-ogg: 62fdf1f143b41e24485cea50d1cbac27 -> 
  custom:video-decoder-webm-vp8: 9c59270c3fd7afecdb556c50c9e8de78 -> 
  custom:audio-decoder-ogg-vorbis: bf7c407c2cedff20999df2af8eb42d56 -> 
========================================================================
Received Import Request.
  Time since last request: 34785.495160 seconds.
  path: Assets/Levels/Prefabs/BlueGates.prefab
  artifactKey: Guid(6d4adee7951e59d478d49fddb94de6e2) Importer(815301076,1909f56bfc062723c751e8b465ee728b)
Start importing Assets/Levels/Prefabs/BlueGates.prefab using Guid(6d4adee7951e59d478d49fddb94de6e2) Importer(815301076,1909f56bfc062723c751e8b465ee728b)  -> (artifact id: '70a0bdc98d2a7d0b394da751fa4b8e22') in 0.325051 seconds 
========================================================================
Received Import Request.
  Time since last request: 0.000038 seconds.
  path: Assets/Levels/Prefabs/Teleport.prefab
  artifactKey: Guid(f7561678644751e4abe467d7b03d0861) Importer(815301076,1909f56bfc062723c751e8b465ee728b)
Start importing Assets/Levels/Prefabs/Teleport.prefab using Guid(f7561678644751e4abe467d7b03d0861) Importer(815301076,1909f56bfc062723c751e8b465ee728b)  -> (artifact id: '204099b2c76cf4da54d8ac4dd743cc3b') in 0.126515 seconds 
========================================================================
Received Import Request.
  Time since last request: 0.000044 seconds.
  path: Assets/Levels/Prefabs/Button.prefab
  artifactKey: Guid(1e70e3ead0ae86b40b730eb8bb504d0d) Importer(815301076,1909f56bfc062723c751e8b465ee728b)
Start importing Assets/Levels/Prefabs/Button.prefab using Guid(1e70e3ead0ae86b40b730eb8bb504d0d) Importer(815301076,1909f56bfc062723c751e8b465ee728b)  -> (artifact id: 'de876501bd38aa6068414fdb5dfbb15c') in 0.080006 seconds 
========================================================================
Received Import Request.
  Time since last request: 0.000036 seconds.
  path: Assets/Levels/Prefabs/Haystack.prefab
  artifactKey: Guid(95ce408c142f8f0428defd20b4442781) Importer(815301076,1909f56bfc062723c751e8b465ee728b)
Start importing Assets/Levels/Prefabs/Haystack.prefab using Guid(95ce408c142f8f0428defd20b4442781) Importer(815301076,1909f56bfc062723c751e8b465ee728b)  -> (artifact id: '95386a325c1e6a836fa745ed87fab00f') in 0.066052 seconds 
========================================================================
Received Import Request.
  Time since last request: 29.952222 seconds.
  path: Assets/Levels/Prefabs/Canvas.prefab
  artifactKey: Guid(4d7e9854210dfc145aae78b2915c68ce) Importer(815301076,1909f56bfc062723c751e8b465ee728b)
Start importing Assets/Levels/Prefabs/Canvas.prefab using Guid(4d7e9854210dfc145aae78b2915c68ce) Importer(815301076,1909f56bfc062723c751e8b465ee728b)  -> (artifact id: 'fd597992b8a4661e07080d16f208617b') in 0.037220 seconds 
========================================================================
Received Prepare
Registering precompiled user dll's ...
Registered in 0.012282 seconds.
Begin MonoManager ReloadAssembly
Symbol file LoadedFromMemory doesn't match image C:\Users\user\Documents\GitHub\3d-platformer\Library\PackageCache\com.unity.visualscripting@1.7.8\Editor\VisualScripting.Core\Dependencies\YamlDotNet\Unity.VisualScripting.YamlDotNet.dll
Symbol file LoadedFromMemory doesn't match image C:\Users\user\Documents\GitHub\3d-platformer\Library\PackageCache\com.unity.visualscripting@1.7.8\Editor\VisualScripting.Core\Dependencies\DotNetZip\Unity.VisualScripting.IonicZip.dll
Native extension for WindowsStandalone target not found
Refreshing native plugins compatible for Editor in 1.24 ms, found 3 plugins.
Preloading 0 native plugins for Editor in 0.00 ms.
Mono: successfully reloaded assembly
- Completed reload, in  2.571 seconds
Domain Reload Profiling:
	ReloadAssembly (2572ms)
		BeginReloadAssembly (399ms)
			ExecutionOrderSort (0ms)
			DisableScriptedObjects (15ms)
			BackupInstance (0ms)
			ReleaseScriptingObjects (0ms)
			CreateAndSetChildDomain (102ms)
		EndReloadAssembly (1908ms)
			LoadAssemblies (275ms)
			RebuildTransferFunctionScriptingTraits (0ms)
			SetupTypeCache (799ms)
			ReleaseScriptCaches (2ms)
			RebuildScriptCaches (84ms)
			SetupLoadedEditorAssemblies (718ms)
				LogAssemblyErrors (0ms)
				InitializePlatformSupportModulesInManaged (30ms)
				SetLoadedEditorAssemblies (1ms)
				RefreshPlugins (1ms)
				BeforeProcessingInitializeOnLoad (136ms)
				ProcessInitializeOnLoadAttributes (479ms)
				ProcessInitializeOnLoadMethodAttributes (65ms)
				AfterProcessingInitializeOnLoad (5ms)
				EditorAssembliesLoaded (0ms)
			ExecutionOrderSort2 (0ms)
			AwakeInstancesAfterBackupRestoration (15ms)
Platform modules already initialized, skipping
Refreshing native plugins compatible for Editor in 7.66 ms, found 3 plugins.
Preloading 0 native plugins for Editor in 0.00 ms.
Unloading 3390 Unused Serialized files (Serialized files now loaded: 0)
Unloading 23 unused Assets / (81.1 KB). Loaded Objects now: 3886.
Memory consumption went from 127.4 MB to 127.3 MB.
Total: 5.588100 ms (FindLiveObjects: 0.380200 ms CreateObjectMapping: 0.365900 ms MarkObjects: 4.654300 ms  DeleteObjects: 0.185200 ms)

AssetImportParameters requested are different than current active one (requested -> active):
  custom:video-decoder-ogg-theora: a1e56fd34408186e4bbccfd4996cb3dc -> 
  custom:container-muxer-webm: aa71ff27fc2769a1b78a27578f13a17b -> 
  custom:container-demuxer-webm: 4f35f7cbe854078d1ac9338744f61a02 -> 
  custom:video-encoder-webm-vp8: eb34c28f22e8b96e1ab97ce403110664 -> 
  custom:audio-encoder-webm-vorbis: bf7c407c2cedff20999df2af8eb42d56 -> 
  custom:framework-win-MediaFoundation: 216162199b28c13a410421893ffa2e32 -> 
  custom:container-demuxer-ogg: 62fdf1f143b41e24485cea50d1cbac27 -> 
  custom:video-decoder-webm-vp8: 9c59270c3fd7afecdb556c50c9e8de78 -> 
  custom:audio-decoder-ogg-vorbis: bf7c407c2cedff20999df2af8eb42d56 -> 
========================================================================
Received Import Request.
  Time since last request: 289.993838 seconds.
  path: Assets/Level_2/ThirdParty/Campfire Pack/Model/map.prefab
  artifactKey: Guid(477c195adbaf87c4d85c43a3112be67f) Importer(815301076,1909f56bfc062723c751e8b465ee728b)
Start importing Assets/Level_2/ThirdParty/Campfire Pack/Model/map.prefab using Guid(477c195adbaf87c4d85c43a3112be67f) Importer(815301076,1909f56bfc062723c751e8b465ee728b)  -> (artifact id: '4c572e8b0a737f7c9a78c239d06ae440') in 0.541705 seconds 
========================================================================
Received Import Request.
  Time since last request: 4.845595 seconds.
  path: Assets/Level_2/Levels/New Terrain.asset
  artifactKey: Guid(98808c07636b20246b290723e177d5ff) Importer(815301076,1909f56bfc062723c751e8b465ee728b)
Start importing Assets/Level_2/Levels/New Terrain.asset using Guid(98808c07636b20246b290723e177d5ff) Importer(815301076,1909f56bfc062723c751e8b465ee728b)  -> (artifact id: '3585ab1501551fbd5ad6ed9949c07705') in 0.053798 seconds 
========================================================================
Received Import Request.
  Time since last request: 12.791848 seconds.
  path: Assets/Level_2/Levels/Prefabs
  artifactKey: Guid(a71190872f4a9674797c6667a8a60e4c) Importer(815301076,1909f56bfc062723c751e8b465ee728b)
Start importing Assets/Level_2/Levels/Prefabs using Guid(a71190872f4a9674797c6667a8a60e4c) Importer(815301076,1909f56bfc062723c751e8b465ee728b)  -> (artifact id: '6b7b705cdeafb666b7e64f66e19bd04b') in 0.010405 seconds 
========================================================================
Received Import Request.
  Time since last request: 0.060057 seconds.
  path: Assets/Level_2/Levels/Prefabs/Axe.prefab
  artifactKey: Guid(63f9f35b3ffc9254b9cb804caad1be78) Importer(815301076,1909f56bfc062723c751e8b465ee728b)
Start importing Assets/Level_2/Levels/Prefabs/Axe.prefab using Guid(63f9f35b3ffc9254b9cb804caad1be78) Importer(815301076,1909f56bfc062723c751e8b465ee728b)  -> (artifact id: 'f0013e7917fc91df42ec9cb96dc3e685') in 0.625576 seconds 
========================================================================
Received Import Request.
  Time since last request: 0.000222 seconds.
  path: Assets/Level_2/Levels/Prefabs/Box.prefab
  artifactKey: Guid(7cc6ba2f88cbc5b4abf28914ddbbf479) Importer(815301076,1909f56bfc062723c751e8b465ee728b)
Start importing Assets/Level_2/Levels/Prefabs/Box.prefab using Guid(7cc6ba2f88cbc5b4abf28914ddbbf479) Importer(815301076,1909f56bfc062723c751e8b465ee728b)  -> (artifact id: '3e840b10df651ea818720d9379d5d13e') in 0.082565 seconds 
========================================================================
Received Import Request.
  Time since last request: 0.000054 seconds.
  path: Assets/Level_2/Levels/Prefabs/Shovel.prefab
  artifactKey: Guid(1b8736bbe90a10944a12214df79299ee) Importer(815301076,1909f56bfc062723c751e8b465ee728b)
Start importing Assets/Level_2/Levels/Prefabs/Shovel.prefab using Guid(1b8736bbe90a10944a12214df79299ee) Importer(815301076,1909f56bfc062723c751e8b465ee728b)  -> (artifact id: 'e5b262a7015a8690dbee5a7cde9b9304') in 0.073329 seconds 
========================================================================
Received Import Request.
  Time since last request: 0.000039 seconds.
  path: Assets/Level_2/Levels/Prefabs/GreyStone.prefab
  artifactKey: Guid(144071fefde154a4b920de443654c4ce) Importer(815301076,1909f56bfc062723c751e8b465ee728b)
Start importing Assets/Level_2/Levels/Prefabs/GreyStone.prefab using Guid(144071fefde154a4b920de443654c4ce) Importer(815301076,1909f56bfc062723c751e8b465ee728b)  -> (artifact id: '49df3a94077a59d3c460ef6bc809328d') in 0.075691 seconds 
========================================================================
Received Import Request.
  Time since last request: 8.850232 seconds.
  path: Assets/Levels/Prefabs/Spikes.prefab
  artifactKey: Guid(541e74e9c769f0447b1b65516b61b526) Importer(815301076,1909f56bfc062723c751e8b465ee728b)
Start importing Assets/Levels/Prefabs/Spikes.prefab using Guid(541e74e9c769f0447b1b65516b61b526) Importer(815301076,1909f56bfc062723c751e8b465ee728b)  -> (artifact id: 'befa375d7991af576b53edc7733de785') in 0.018583 seconds 
========================================================================
Received Import Request.
  Time since last request: 5.671542 seconds.
  path: Assets/Levels/Prefabs/Player.prefab
  artifactKey: Guid(9105d5be95e56474a82218895338268a) Importer(815301076,1909f56bfc062723c751e8b465ee728b)
Start importing Assets/Levels/Prefabs/Player.prefab using Guid(9105d5be95e56474a82218895338268a) Importer(815301076,1909f56bfc062723c751e8b465ee728b)  -> (artifact id: '032844e9efa773a487abb16329ee8f71') in 0.121096 seconds 
========================================================================
Received Import Request.
  Time since last request: 30.552076 seconds.
  path: Assets/Level_2/Levels
  artifactKey: Guid(02d3e2535276f4c049199cd979e95780) Importer(815301076,1909f56bfc062723c751e8b465ee728b)
Start importing Assets/Level_2/Levels using Guid(02d3e2535276f4c049199cd979e95780) Importer(815301076,1909f56bfc062723c751e8b465ee728b)  -> (artifact id: '8c57da6c1a8bf7d3f5dfa34fa04b0c61') in 0.035048 seconds 
========================================================================
Received Import Request.
  Time since last request: 2.069458 seconds.
  path: Assets/Level_2/Levels/Scenes
  artifactKey: Guid(561e8052671ae49e69d5903dec4a7c09) Importer(815301076,1909f56bfc062723c751e8b465ee728b)
Start importing Assets/Level_2/Levels/Scenes using Guid(561e8052671ae49e69d5903dec4a7c09) Importer(815301076,1909f56bfc062723c751e8b465ee728b)  -> (artifact id: '9e953ccd7c7565da5a1c11f5c2408670') in 0.031912 seconds 
========================================================================
Received Import Request.
  Time since last request: 2.553513 seconds.
  path: Assets/Level_2/Levels/Scenes/Level_2.unity
  artifactKey: Guid(2163a84aedd72c14b8ba7df4a98e89b1) Importer(815301076,1909f56bfc062723c751e8b465ee728b)
Start importing Assets/Level_2/Levels/Scenes/Level_2.unity using Guid(2163a84aedd72c14b8ba7df4a98e89b1) Importer(815301076,1909f56bfc062723c751e8b465ee728b)  -> (artifact id: '49391a249632c5b82f4e51501a944a70') in 0.031864 seconds 
========================================================================
Received Import Request.
  Time since last request: 132.197411 seconds.
  path: Assets/Level_2
  artifactKey: Guid(bcd9cb46ff9194783b4e6ad2e589fb25) Importer(815301076,1909f56bfc062723c751e8b465ee728b)
Start importing Assets/Level_2 using Guid(bcd9cb46ff9194783b4e6ad2e589fb25) Importer(815301076,1909f56bfc062723c751e8b465ee728b)  -> (artifact id: 'b1db6e860ac03c3c3d87a22920ef78d5') in 0.030534 seconds 
========================================================================
Received Import Request.
  Time since last request: 17.418705 seconds.
  path: Assets/Level_2/code
  artifactKey: Guid(4079f16db387d6343804861889ca72c7) Importer(815301076,1909f56bfc062723c751e8b465ee728b)
Start importing Assets/Level_2/code using Guid(4079f16db387d6343804861889ca72c7) Importer(815301076,1909f56bfc062723c751e8b465ee728b)  -> (artifact id: '7a4a0ccd398a401a86eb9bd085a7a31f') in 0.026489 seconds 
========================================================================
Received Import Request.
  Time since last request: 50.332708 seconds.
  path: Assets/Level_2/code/temperstura.cs
  artifactKey: Guid(d5cf67980cba7ae488a7564bc90f8926) Importer(815301076,1909f56bfc062723c751e8b465ee728b)
Start importing Assets/Level_2/code/temperstura.cs using Guid(d5cf67980cba7ae488a7564bc90f8926) Importer(815301076,1909f56bfc062723c751e8b465ee728b)  -> (artifact id: 'e17c54620db8c6abe916bbc8551cfc41') in 0.064599 seconds 
========================================================================
Received Prepare
Registering precompiled user dll's ...
Registered in 0.014901 seconds.
Begin MonoManager ReloadAssembly
Symbol file LoadedFromMemory doesn't match image C:\Users\user\Documents\GitHub\3d-platformer\Library\PackageCache\com.unity.visualscripting@1.7.8\Editor\VisualScripting.Core\Dependencies\YamlDotNet\Unity.VisualScripting.YamlDotNet.dll
Symbol file LoadedFromMemory doesn't match image C:\Users\user\Documents\GitHub\3d-platformer\Library\PackageCache\com.unity.visualscripting@1.7.8\Editor\VisualScripting.Core\Dependencies\DotNetZip\Unity.VisualScripting.IonicZip.dll
Native extension for WindowsStandalone target not found
Refreshing native plugins compatible for Editor in 3.50 ms, found 3 plugins.
Preloading 0 native plugins for Editor in 0.00 ms.
Mono: successfully reloaded assembly
- Completed reload, in  2.936 seconds
Domain Reload Profiling:
	ReloadAssembly (2938ms)
		BeginReloadAssembly (432ms)
			ExecutionOrderSort (0ms)
			DisableScriptedObjects (16ms)
			BackupInstance (0ms)
			ReleaseScriptingObjects (0ms)
			CreateAndSetChildDomain (127ms)
		EndReloadAssembly (2188ms)
			LoadAssemblies (268ms)
			RebuildTransferFunctionScriptingTraits (0ms)
			SetupTypeCache (617ms)
			ReleaseScriptCaches (9ms)
			RebuildScriptCaches (92ms)
			SetupLoadedEditorAssemblies (1183ms)
				LogAssemblyErrors (0ms)
				InitializePlatformSupportModulesInManaged (33ms)
				SetLoadedEditorAssemblies (1ms)
				RefreshPlugins (4ms)
				BeforeProcessingInitializeOnLoad (156ms)
				ProcessInitializeOnLoadAttributes (915ms)
				ProcessInitializeOnLoadMethodAttributes (65ms)
				AfterProcessingInitializeOnLoad (8ms)
				EditorAssembliesLoaded (0ms)
			ExecutionOrderSort2 (0ms)
			AwakeInstancesAfterBackupRestoration (15ms)
Platform modules already initialized, skipping
Refreshing native plugins compatible for Editor in 2.86 ms, found 3 plugins.
Preloading 0 native plugins for Editor in 0.00 ms.
Unloading 3391 Unused Serialized files (Serialized files now loaded: 0)
Unloading 22 unused Assets / (79.5 KB). Loaded Objects now: 3903.
Memory consumption went from 132.9 MB to 132.8 MB.
Total: 8.079700 ms (FindLiveObjects: 0.334100 ms CreateObjectMapping: 0.270000 ms MarkObjects: 7.343900 ms  DeleteObjects: 0.130200 ms)

AssetImportParameters requested are different than current active one (requested -> active):
  custom:video-decoder-ogg-theora: a1e56fd34408186e4bbccfd4996cb3dc -> 
  custom:container-muxer-webm: aa71ff27fc2769a1b78a27578f13a17b -> 
  custom:container-demuxer-webm: 4f35f7cbe854078d1ac9338744f61a02 -> 
  custom:video-encoder-webm-vp8: eb34c28f22e8b96e1ab97ce403110664 -> 
  custom:audio-encoder-webm-vorbis: bf7c407c2cedff20999df2af8eb42d56 -> 
  custom:framework-win-MediaFoundation: 216162199b28c13a410421893ffa2e32 -> 
  custom:container-demuxer-ogg: 62fdf1f143b41e24485cea50d1cbac27 -> 
  custom:video-decoder-webm-vp8: 9c59270c3fd7afecdb556c50c9e8de78 -> 
  custom:audio-decoder-ogg-vorbis: bf7c407c2cedff20999df2af8eb42d56 -> 
========================================================================
Received Import Request.
  Time since last request: 659.956702 seconds.
  path: Assets/Level_2/code/temperstura.cs
  artifactKey: Guid(d5cf67980cba7ae488a7564bc90f8926) Importer(815301076,1909f56bfc062723c751e8b465ee728b)
Start importing Assets/Level_2/code/temperstura.cs using Guid(d5cf67980cba7ae488a7564bc90f8926) Importer(815301076,1909f56bfc062723c751e8b465ee728b)  -> (artifact id: '105128480d0d38e76fc9cd047e2d0e90') in 0.031829 seconds 
